Compilation terminee!
const c = 4;
const d = 6;
var a;
var b;
var e;
a := 25;
lire b;
ecrire (a * b);
e := (b + d);
ecrire e;
