Erreur : L'identifiant b n'a jamais été affecté
Erreur : L'identifiant b n'a jamais été utilisé
