Erreur : L'identifiant b ne peut être dans une expression d'écriture car il n'a pas été affecté