Erreur de syntaxe Ã  la suite de var _;
, attendue avant a
reprise sur erreur
Compilation terminee!