Compilation terminee!
Entrez une valeur pour la variable b
125
11